// Jest Snapshot v1, https://goo.gl/fbAQLP

exports[`CountryDetailScreen should match snapshot 1`] = `
<RCTScrollView
  contentContainerStyle={
    {
      "alignItems": "center",
      "padding": 16,
    }
  }
>
  <View>
    <View
      collapsable={false}
      style={
        {
          "backgroundColor": "#eeedecff",
          "borderRadius": 16,
          "shadowColor": "#000",
          "shadowOffset": {
            "height": 0,
            "width": 0,
          },
          "shadowOpacity": 0,
          "shadowRadius": 0,
          "width": "100%",
        }
      }
      testID="card-container-outer-layer"
    >
      <View
        collapsable={false}
        style={
          {
            "backgroundColor": "#eeedecff",
            "borderRadius": 16,
            "elevation": 2,
            "flex": undefined,
            "shadowColor": "#000",
            "shadowOffset": {
              "height": 0,
              "width": 0,
            },
            "shadowOpacity": 0,
            "shadowRadius": 0,
          }
        }
        testID="card-container"
      >
        <View
          pointerEvents="none"
          style={
            [
              {
                "borderColor": "rgba(121, 116, 126, 1)",
              },
              {
                "borderWidth": 1,
                "height": "100%",
                "position": "absolute",
                "width": "100%",
                "zIndex": 2,
              },
              {
                "borderRadius": 16,
              },
            ]
          }
          testID="card-outline"
        />
        <View
          style={
            [
              {
                "flexShrink": 1,
              },
              undefined,
            ]
          }
          testID="card"
        >
          <View
            style={
              [
                {
                  "backgroundColor": "#eeeeee",
                  "height": 195,
                  "overflow": "hidden",
                },
                {
                  "borderRadius": 12,
                  "borderTopLeftRadius": 16,
                  "borderTopRightRadius": 16,
                },
                {
                  "borderTopLeftRadius": 16,
                  "borderTopRightRadius": 16,
                  "height": 200,
                },
              ]
            }
          >
            <Image
              accessibilityIgnoresInvertColors={true}
              borderRadiusStyles={
                {
                  "borderRadius": 16,
                }
              }
              siblings={
                [
                  "Card.Cover",
                  "Card.Content",
                ]
              }
              source={
                {
                  "uri": "https://test.com/flag.png",
                }
              }
              style={
                [
                  {
                    "flex": 1,
                    "height": undefined,
                    "justifyContent": "flex-end",
                    "width": undefined,
                  },
                  {
                    "borderRadius": 12,
                    "borderTopLeftRadius": 16,
                    "borderTopRightRadius": 16,
                  },
                ]
              }
            />
          </View>
          <View
            borderRadiusStyles={
              {
                "borderRadius": 16,
              }
            }
            style={
              [
                {
                  "paddingHorizontal": 16,
                },
                {
                  "paddingBottom": 16,
                },
                {
                  "alignItems": "flex-start",
                  "paddingHorizontal": 12,
                  "paddingVertical": 16,
                },
              ]
            }
          >
            <Text
              style={
                [
                  {
                    "textAlign": "left",
                  },
                  {
                    "color": "rgba(28, 27, 31, 1)",
                    "writingDirection": "ltr",
                  },
                  [
                    {
                      "fontFamily": "System",
                      "fontSize": 28,
                      "fontWeight": "400",
                      "letterSpacing": 0,
                      "lineHeight": 36,
                    },
                    {
                      "fontWeight": "bold",
                      "marginBottom": 12,
                    },
                  ],
                ]
              }
            >
              Testland
            </Text>
            <Text
              style={
                [
                  {
                    "textAlign": "left",
                  },
                  {
                    "color": "rgba(28, 27, 31, 1)",
                    "writingDirection": "ltr",
                  },
                  [
                    {
                      "fontFamily": "System",
                      "fontSize": 16,
                      "fontWeight": "400",
                      "letterSpacing": 0.15,
                      "lineHeight": 24,
                    },
                    {
                      "marginBottom": 8,
                    },
                  ],
                ]
              }
            >
              Capital: 
              Test City
            </Text>
            <Text
              style={
                [
                  {
                    "textAlign": "left",
                  },
                  {
                    "color": "rgba(28, 27, 31, 1)",
                    "writingDirection": "ltr",
                  },
                  [
                    {
                      "fontFamily": "System",
                      "fontSize": 16,
                      "fontWeight": "400",
                      "letterSpacing": 0.15,
                      "lineHeight": 24,
                    },
                    {
                      "marginBottom": 8,
                    },
                  ],
                ]
              }
            >
              Population: 
              123,456
            </Text>
            <Text
              style={
                [
                  {
                    "textAlign": "left",
                  },
                  {
                    "color": "rgba(28, 27, 31, 1)",
                    "writingDirection": "ltr",
                  },
                  [
                    {
                      "fontFamily": "System",
                      "fontSize": 16,
                      "fontWeight": "400",
                      "letterSpacing": 0.15,
                      "lineHeight": 24,
                    },
                    {
                      "marginBottom": 8,
                    },
                  ],
                ]
              }
            >
              Area: 
              7,890
               km²
            </Text>
          </View>
        </View>
      </View>
    </View>
  </View>
</RCTScrollView>
`;
